###############################################################################
#
# IAR ELF Linker V8.30.1.114/W32 for ARM                  10/Apr/2021  12:31:07
# Copyright 2007-2018 IAR Systems AB.
#
#    Output file  =  
#        D:\project\Project
#        stm\NRF\F103_NRF_TX_J\EWARM\F103_NRF_TXJ\Exe\F103_NRF_TXJ.out
#    Map file     =  
#        D:\project\Project
#        stm\NRF\F103_NRF_TX_J\EWARM\F103_NRF_TXJ\List\F103_NRF_TXJ.map
#    Command line =  
#        -f C:\Users\allex\AppData\Local\Temp\EWA1E.tmp ("D:\project\Project
#        stm\NRF\F103_NRF_TX_J\EWARM\F103_NRF_TXJ\Obj\logic.o"
#        "D:\project\Project
#        stm\NRF\F103_NRF_TX_J\EWARM\F103_NRF_TXJ\Obj\main.o"
#        "D:\project\Project
#        stm\NRF\F103_NRF_TX_J\EWARM\F103_NRF_TXJ\Obj\nrf24.o"
#        "D:\project\Project
#        stm\NRF\F103_NRF_TX_J\EWARM\F103_NRF_TXJ\Obj\radio_demo.o"
#        "D:\project\Project
#        stm\NRF\F103_NRF_TX_J\EWARM\F103_NRF_TXJ\Obj\startup_stm32f103xb.o"
#        "D:\project\Project
#        stm\NRF\F103_NRF_TX_J\EWARM\F103_NRF_TXJ\Obj\stm32f1xx_hal.o"
#        "D:\project\Project
#        stm\NRF\F103_NRF_TX_J\EWARM\F103_NRF_TXJ\Obj\stm32f1xx_hal_adc.o"
#        "D:\project\Project
#        stm\NRF\F103_NRF_TX_J\EWARM\F103_NRF_TXJ\Obj\stm32f1xx_hal_adc_ex.o"
#        "D:\project\Project
#        stm\NRF\F103_NRF_TX_J\EWARM\F103_NRF_TXJ\Obj\stm32f1xx_hal_cortex.o"
#        "D:\project\Project
#        stm\NRF\F103_NRF_TX_J\EWARM\F103_NRF_TXJ\Obj\stm32f1xx_hal_dma.o"
#        "D:\project\Project
#        stm\NRF\F103_NRF_TX_J\EWARM\F103_NRF_TXJ\Obj\stm32f1xx_hal_exti.o"
#        "D:\project\Project
#        stm\NRF\F103_NRF_TX_J\EWARM\F103_NRF_TXJ\Obj\stm32f1xx_hal_flash.o"
#        "D:\project\Project
#        stm\NRF\F103_NRF_TX_J\EWARM\F103_NRF_TXJ\Obj\stm32f1xx_hal_flash_ex.o"
#        "D:\project\Project
#        stm\NRF\F103_NRF_TX_J\EWARM\F103_NRF_TXJ\Obj\stm32f1xx_hal_gpio.o"
#        "D:\project\Project
#        stm\NRF\F103_NRF_TX_J\EWARM\F103_NRF_TXJ\Obj\stm32f1xx_hal_gpio_ex.o"
#        "D:\project\Project
#        stm\NRF\F103_NRF_TX_J\EWARM\F103_NRF_TXJ\Obj\stm32f1xx_hal_msp.o"
#        "D:\project\Project
#        stm\NRF\F103_NRF_TX_J\EWARM\F103_NRF_TXJ\Obj\stm32f1xx_hal_pwr.o"
#        "D:\project\Project
#        stm\NRF\F103_NRF_TX_J\EWARM\F103_NRF_TXJ\Obj\stm32f1xx_hal_rcc.o"
#        "D:\project\Project
#        stm\NRF\F103_NRF_TX_J\EWARM\F103_NRF_TXJ\Obj\stm32f1xx_hal_rcc_ex.o"
#        "D:\project\Project
#        stm\NRF\F103_NRF_TX_J\EWARM\F103_NRF_TXJ\Obj\stm32f1xx_hal_spi.o"
#        "D:\project\Project
#        stm\NRF\F103_NRF_TX_J\EWARM\F103_NRF_TXJ\Obj\stm32f1xx_hal_tim.o"
#        "D:\project\Project
#        stm\NRF\F103_NRF_TX_J\EWARM\F103_NRF_TXJ\Obj\stm32f1xx_hal_tim_ex.o"
#        "D:\project\Project
#        stm\NRF\F103_NRF_TX_J\EWARM\F103_NRF_TXJ\Obj\stm32f1xx_hal_wwdg.o"
#        "D:\project\Project
#        stm\NRF\F103_NRF_TX_J\EWARM\F103_NRF_TXJ\Obj\stm32f1xx_it.o"
#        "D:\project\Project
#        stm\NRF\F103_NRF_TX_J\EWARM\F103_NRF_TXJ\Obj\system_stm32f1xx.o"
#        --redirect _Printf=_PrintfFull --redirect _Scanf=_ScanfFull
#        --no_out_extension -o "D:\project\Project
#        stm\NRF\F103_NRF_TX_J\EWARM\F103_NRF_TXJ\Exe\F103_NRF_TXJ.out" --map
#        "D:\project\Project
#        stm\NRF\F103_NRF_TX_J\EWARM\F103_NRF_TXJ\List\F103_NRF_TXJ.map"
#        --config "D:\project\Project
#        stm\NRF\F103_NRF_TX_J\EWARM/stm32f103xb_flash.icf" --semihosting
#        --entry __iar_program_start --vfe --text_out locale)
#
###############################################################################

*******************************************************************************
*** RUNTIME MODEL ATTRIBUTES
***

CppFlavor       = *
__SystemLibrary = DLib
__dlib_version  = 6


*******************************************************************************
*** HEAP SELECTION
***

The basic heap was selected because no calls to memory allocation
functions were found in the application outside of system library
functions, and there are calls to deallocation functions in the
application.


*******************************************************************************
*** PLACEMENT SUMMARY
***

"A0":  place at 0x800'0000 { ro section .intvec };
"P1":  place in [from 0x800'0000 to 0x801'ffff] { ro };
define block CSTACK with size = 1K, alignment = 8 { };
define block HEAP with size = 512, alignment = 8 { };
"P2":  place in [from 0x2000'0000 to 0x2000'4fff] {
          rw, block CSTACK, block HEAP };
initialize by copy { rw };

  Section            Kind         Address    Size  Object
  -------            ----         -------    ----  ------
"A0":                                        0xec
  .intvec            ro code   0x800'0000    0xec  startup_stm32f103xb.o [1]
                             - 0x800'00ec    0xec

"P1":                                      0x2d82
  .text              ro code   0x800'00ec   0x7a4  logic.o [1]
  .text              ro code   0x800'0890    0x28  stm32f1xx_hal.o [1]
  .text              ro code   0x800'08b8   0x3e0  stm32f1xx_hal_tim.o [1]
  .text              ro code   0x800'0c98   0x1f2  stm32f1xx_hal_gpio.o [1]
  .text              ro code   0x800'0e8a    0x3a  zero_init3.o [3]
  .text              ro code   0x800'0ec4   0x2fc  nrf24.o [1]
  .text              ro code   0x800'11c0    0x10  stm32f1xx_hal.o [1]
  .text              ro code   0x800'11d0    0x4c  stm32f1xx_hal_pwr.o [1]
  .text              ro code   0x800'121c   0x4aa  stm32f1xx_hal_adc.o [1]
  .text              ro code   0x800'16c8    0x70  radio_demo.o [1]
  .text              ro code   0x800'1738    0xcc  stm32f1xx_hal_adc_ex.o [1]
  .text              ro code   0x800'1804     0xc  stm32f1xx_hal.o [1]
  .text              ro code   0x800'1810   0x1a0  stm32f1xx_hal_msp.o [1]
  .text              ro code   0x800'19b0     0x2  stm32f1xx_hal_tim.o [1]
  .text              ro code   0x800'19b2     0x2  stm32f1xx_hal_tim.o [1]
  .text              ro code   0x800'19b4     0x2  stm32f1xx_hal_tim.o [1]
  .text              ro code   0x800'19b6     0x2  stm32f1xx_hal_tim_ex.o [1]
  .text              ro code   0x800'19b8     0x2  stm32f1xx_hal_tim.o [1]
  .text              ro code   0x800'19ba     0x2  stm32f1xx_hal_tim_ex.o [1]
  .text              ro code   0x800'19bc     0x2  stm32f1xx_hal_tim.o [1]
  .text              ro code   0x800'19c0   0x3ac  stm32f1xx_hal_spi.o [1]
  .text              ro code   0x800'1d6c   0x2f4  main.o [1]
  .text              ro code   0x800'2060   0x2ae  stm32f1xx_hal_dma.o [1]
  .text              ro code   0x800'230e     0x2  stm32f1xx_hal_adc.o [1]
  .text              ro code   0x800'2310     0x2  stm32f1xx_hal_adc.o [1]
  .text              ro code   0x800'2312     0x2  stm32f1xx_hal_adc.o [1]
  .text              ro code   0x800'2314   0x1b2  stm32f1xx_hal_rcc_ex.o [1]
  .text              ro code   0x800'24c8     0x6  ABImemclr4.o [3]
  .text              ro code   0x800'24d0    0xc4  stm32f1xx_hal_cortex.o [1]
  .text              ro code   0x800'2594    0x24  stm32f1xx_hal.o [1]
  .text              ro code   0x800'25b8    0x64  stm32f1xx_hal_tim_ex.o [1]
  .text              ro code   0x800'261c    0x32  stm32f1xx_hal_wwdg.o [1]
  .text              ro code   0x800'2650   0x4ba  stm32f1xx_hal_rcc.o [1]
  .text              ro code   0x800'2b0c    0x32  ABImemset48.o [3]
  .text              ro code   0x800'2b40    0x40  stm32f1xx_hal.o [1]
  .text              ro code   0x800'2b80   0x128  stm32f1xx_it.o [1]
  .text              ro code   0x800'2ca8    0x10  stm32f1xx_hal.o [1]
  .text              ro code   0x800'2cb8    0x38  packbits_init_single.o [3]
  .text              ro code   0x800'2cf0    0x28  data_init.o [3]
  .iar.init_table    const     0x800'2d18    0x20  - Linker created -
  .text              ro code   0x800'2d38    0x1e  cmain.o [3]
  .text              ro code   0x800'2d56     0x4  low_level_init.o [2]
  .text              ro code   0x800'2d5a     0x4  exit.o [2]
  .text              ro code   0x800'2d60     0xa  cexit.o [3]
  .text              ro code   0x800'2d6c    0x14  exit.o [4]
  .text              ro code   0x800'2d80    0x14  system_stm32f1xx.o [1]
  .text              ro code   0x800'2d94    0x10  startup_stm32f103xb.o [1]
  .text              ro code   0x800'2da4     0xc  cstartup_M.o [3]
  .rodata            const     0x800'2db0     0x8  system_stm32f1xx.o [1]
  .text              ro code   0x800'2db8     0x4  startup_stm32f103xb.o [1]
  .text              ro code   0x800'2dbc     0x4  startup_stm32f103xb.o [1]
  .text              ro code   0x800'2dc0     0x4  startup_stm32f103xb.o [1]
  .text              ro code   0x800'2dc4     0x4  startup_stm32f103xb.o [1]
  .text              ro code   0x800'2dc8     0x4  startup_stm32f103xb.o [1]
  .text              ro code   0x800'2dcc     0x4  startup_stm32f103xb.o [1]
  .text              ro code   0x800'2dd0     0x4  startup_stm32f103xb.o [1]
  .text              ro code   0x800'2dd4     0x4  startup_stm32f103xb.o [1]
  .text              ro code   0x800'2dd8     0x4  startup_stm32f103xb.o [1]
  .text              ro code   0x800'2ddc     0x4  startup_stm32f103xb.o [1]
  .text              ro code   0x800'2de0     0x4  startup_stm32f103xb.o [1]
  .text              ro code   0x800'2de4     0x4  startup_stm32f103xb.o [1]
  .text              ro code   0x800'2de8     0x4  startup_stm32f103xb.o [1]
  .text              ro code   0x800'2dec     0x4  startup_stm32f103xb.o [1]
  .text              ro code   0x800'2df0     0x4  startup_stm32f103xb.o [1]
  .text              ro code   0x800'2df4     0x4  startup_stm32f103xb.o [1]
  .text              ro code   0x800'2df8     0x4  startup_stm32f103xb.o [1]
  .text              ro code   0x800'2dfc     0x4  startup_stm32f103xb.o [1]
  .text              ro code   0x800'2e00     0x4  startup_stm32f103xb.o [1]
  .text              ro code   0x800'2e04     0x4  startup_stm32f103xb.o [1]
  .text              ro code   0x800'2e08     0x4  startup_stm32f103xb.o [1]
  .text              ro code   0x800'2e0c     0x4  startup_stm32f103xb.o [1]
  .text              ro code   0x800'2e10     0x4  startup_stm32f103xb.o [1]
  .text              ro code   0x800'2e14     0x4  startup_stm32f103xb.o [1]
  .text              ro code   0x800'2e18     0x4  startup_stm32f103xb.o [1]
  .text              ro code   0x800'2e1c     0x4  startup_stm32f103xb.o [1]
  .text              ro code   0x800'2e20     0x4  startup_stm32f103xb.o [1]
  .text              ro code   0x800'2e24     0x4  startup_stm32f103xb.o [1]
  .text              ro code   0x800'2e28     0x4  startup_stm32f103xb.o [1]
  .text              ro code   0x800'2e2c     0x4  startup_stm32f103xb.o [1]
  .text              ro code   0x800'2e30     0x4  startup_stm32f103xb.o [1]
  .text              ro code   0x800'2e34     0x4  startup_stm32f103xb.o [1]
  .text              ro code   0x800'2e38     0x4  startup_stm32f103xb.o [1]
  .text              ro code   0x800'2e3c     0x4  startup_stm32f103xb.o [1]
  .text              ro code   0x800'2e40     0x4  startup_stm32f103xb.o [1]
  .text              ro code   0x800'2e44     0x4  startup_stm32f103xb.o [1]
  .text              ro code   0x800'2e48     0x4  startup_stm32f103xb.o [1]
  .text              ro code   0x800'2e4c     0x4  startup_stm32f103xb.o [1]
  .text              ro code   0x800'2e50     0x4  startup_stm32f103xb.o [1]
  .text              ro code   0x800'2e54     0x4  startup_stm32f103xb.o [1]
  .rodata            const     0x800'2e58     0x0  zero_init3.o [3]
  .rodata            const     0x800'2e58     0x0  packbits_init_single.o [3]
  Initializer bytes  const     0x800'2e58    0x16  <for P2-1>
                             - 0x800'2e6e  0x2d82

"P2", part 1 of 3:                           0x50
  P2-1                        0x2000'0000    0x50  <Init block>
    .data            inited   0x2000'0000    0x40  logic.o [1]
    .data            inited   0x2000'0040     0xc  stm32f1xx_hal.o [1]
    .data            inited   0x2000'004c     0x4  system_stm32f1xx.o [1]
                            - 0x2000'0050    0x50

"P2", part 2 of 3:                          0x160
  .bss               zero     0x2000'0050    0xe4  main.o [1]
  .bss               zero     0x2000'0134    0x44  main.o [1]
  .bss               zero     0x2000'0178    0x20  radio_demo.o [1]
  .bss               zero     0x2000'0198    0x14  stm32f1xx_it.o [1]
  .bss               zero     0x2000'01ac     0x1  radio_demo.o [1]
                            - 0x2000'01ad   0x15d

"P2", part 3 of 3:                          0x400
  CSTACK                      0x2000'01b0   0x400  <Block>
    CSTACK           uninit   0x2000'01b0   0x400  <Block tail>
                            - 0x2000'05b0   0x400

Unused ranges:

         From           To      Size
         ----           --      ----
   0x800'2e6e   0x801'ffff  0x1'd192
  0x2000'05b0  0x2000'4fff    0x4a50


*******************************************************************************
*** INIT TABLE
***

          Address      Size
          -------      ----
Zero (__iar_zero_init3)
    1 destination range, total size 0x15d:
          0x2000'0050  0x15d

Copy/packbits (__iar_packbits_init_single3)
    1 source range, total size 0x16 (27% of destination):
           0x800'2e58   0x16
    1 destination range, total size 0x50:
          0x2000'0000   0x50



*******************************************************************************
*** MODULE SUMMARY
***

    Module                  ro code  ro data  rw data
    ------                  -------  -------  -------
command line/config:
    -------------------------------------------------
    Total:

D:\project\Project stm\NRF\F103_NRF_TX_J\EWARM\F103_NRF_TXJ\Obj: [1]
    logic.o                   1 956       17       64
    main.o                      756               296
    nrf24.o                     764
    radio_demo.o                112                33
    startup_stm32f103xb.o       412
    stm32f1xx_hal.o             184        3       12
    stm32f1xx_hal_adc.o       1 200
    stm32f1xx_hal_adc_ex.o      204
    stm32f1xx_hal_cortex.o      196
    stm32f1xx_hal_dma.o         686
    stm32f1xx_hal_gpio.o        498
    stm32f1xx_hal_msp.o         416
    stm32f1xx_hal_pwr.o          76
    stm32f1xx_hal_rcc.o       1 210
    stm32f1xx_hal_rcc_ex.o      434
    stm32f1xx_hal_spi.o         940
    stm32f1xx_hal_tim.o       1 002
    stm32f1xx_hal_tim_ex.o      104
    stm32f1xx_hal_wwdg.o         50
    stm32f1xx_it.o              296                20
    system_stm32f1xx.o           20       10        4
    -------------------------------------------------
    Total:                   11 516       30      429

dl7M_tln.a: [2]
    exit.o                        4
    low_level_init.o              4
    -------------------------------------------------
    Total:                        8

rt7M_tl.a: [3]
    ABImemclr4.o                  6
    ABImemset48.o                50
    cexit.o                      10
    cmain.o                      30
    cstartup_M.o                 12
    data_init.o                  40
    packbits_init_single.o       56
    zero_init3.o                 58
    -------------------------------------------------
    Total:                      262

shb_l.a: [4]
    exit.o                       20
    -------------------------------------------------
    Total:                       20

    Gaps                         18
    Linker created                        32    1 024
-----------------------------------------------------
    Grand Total:             11 824       62    1 453


*******************************************************************************
*** ENTRY LIST
***

Entry                       Address   Size  Type      Object
-----                       -------   ----  ----      ------
.iar.init_table$$Base    0x800'2d18          --   Gb  - Linker created -
.iar.init_table$$Limit   0x800'2d38          --   Gb  - Linker created -
?main                    0x800'2d39         Code  Gb  cmain.o [3]
ADC_ConversionStop_Disable
                         0x800'161d   0x44  Code  Gb  stm32f1xx_hal_adc.o [1]
ADC_DMAConvCplt          0x800'1661   0x48  Code  Gb  stm32f1xx_hal_adc.o [1]
ADC_DMAError             0x800'16b1   0x16  Code  Gb  stm32f1xx_hal_adc.o [1]
ADC_DMAHalfConvCplt      0x800'16a9    0x6  Code  Gb  stm32f1xx_hal_adc.o [1]
ADC_Enable               0x800'158b   0x6a  Code  Gb  stm32f1xx_hal_adc.o [1]
AHBPrescTable            0x800'2d84   0x10  Data  Gb  system_stm32f1xx.o [1]
APBPrescTable            0x800'2db0    0x8  Data  Gb  system_stm32f1xx.o [1]
BusFault_Handler         0x800'2baf   0x16  Code  Gb  stm32f1xx_it.o [1]
CSTACK$$Base            0x2000'01b0          --   Gb  - Linker created -
CSTACK$$Limit           0x2000'05b0          --   Gb  - Linker created -
DMA1_Channel1_IRQHandler
                         0x800'2c15   0x10  Code  Gb  stm32f1xx_it.o [1]
DMA_SetConfig            0x800'22ed   0x22  Code  Lc  stm32f1xx_hal_dma.o [1]
DebugMon_Handler         0x800'2c0d    0x2  Code  Gb  stm32f1xx_it.o [1]
Delay_ms                 0x800'00ed    0x4  Code  Lc  logic.o [1]
EXTI9_5_IRQHandler       0x800'2c25   0x2c  Code  Gb  stm32f1xx_it.o [1]
Error_Handler            0x800'2057    0x2  Code  Gb  main.o [1]
HAL_ADCEx_Calibration_Start
                         0x800'1739   0xbc  Code  Gb  stm32f1xx_hal_adc_ex.o [1]
HAL_ADC_ConfigChannel    0x800'148f   0xe4  Code  Gb  stm32f1xx_hal_adc.o [1]
HAL_ADC_Init             0x800'121d   0xf4  Code  Gb  stm32f1xx_hal_adc.o [1]
HAL_ADC_MspInit          0x800'184b   0x74  Code  Gb  stm32f1xx_hal_msp.o [1]
HAL_ADC_Start_DMA        0x800'1325  0x102  Code  Gb  stm32f1xx_hal_adc.o [1]
HAL_ADC_Stop_DMA         0x800'1433   0x42  Code  Gb  stm32f1xx_hal_adc.o [1]
HAL_DMA_Abort            0x800'212f   0x4a  Code  Gb  stm32f1xx_hal_dma.o [1]
HAL_DMA_IRQHandler       0x800'2185  0x144  Code  Gb  stm32f1xx_hal_dma.o [1]
HAL_DMA_Init             0x800'2061   0x5a  Code  Gb  stm32f1xx_hal_dma.o [1]
HAL_DMA_Start_IT         0x800'20bb   0x74  Code  Gb  stm32f1xx_hal_dma.o [1]
HAL_Delay                0x800'0891   0x28  Code  Wk  stm32f1xx_hal.o [1]
HAL_GPIO_EXTI_IRQHandler
                         0x800'0e3d   0x10  Code  Gb  stm32f1xx_hal_gpio.o [1]
HAL_GPIO_Init            0x800'0c99  0x180  Code  Gb  stm32f1xx_hal_gpio.o [1]
HAL_GPIO_ReadPin         0x800'0e19    0xc  Code  Gb  stm32f1xx_hal_gpio.o [1]
HAL_GPIO_TogglePin       0x800'0e2d   0x10  Code  Gb  stm32f1xx_hal_gpio.o [1]
HAL_GPIO_WritePin        0x800'0e25    0x8  Code  Gb  stm32f1xx_hal_gpio.o [1]
HAL_GetTick              0x800'1805    0xc  Code  Wk  stm32f1xx_hal.o [1]
HAL_IncTick              0x800'2ca9   0x10  Code  Wk  stm32f1xx_hal.o [1]
HAL_Init                 0x800'2595   0x20  Code  Gb  stm32f1xx_hal.o [1]
HAL_InitTick             0x800'2b41   0x40  Code  Wk  stm32f1xx_hal.o [1]
HAL_MspInit              0x800'1811   0x3a  Code  Gb  stm32f1xx_hal_msp.o [1]
HAL_NVIC_EnableIRQ       0x800'253f   0x16  Code  Gb  stm32f1xx_hal_cortex.o [1]
HAL_NVIC_SetPriority     0x800'2505   0x3a  Code  Gb  stm32f1xx_hal_cortex.o [1]
HAL_NVIC_SetPriorityGrouping
                         0x800'24eb   0x1a  Code  Gb  stm32f1xx_hal_cortex.o [1]
HAL_PWR_EnterSTOPMode    0x800'11d7   0x3c  Code  Gb  stm32f1xx_hal_pwr.o [1]
HAL_RCCEx_GetPeriphCLKFreq
                         0x800'23f1   0xac  Code  Gb  stm32f1xx_hal_rcc_ex.o [1]
HAL_RCCEx_GetPeriphCLKFreq::aPLLMULFactorTable
                         0x800'24b4   0x10  Data  Lc  stm32f1xx_hal_rcc_ex.o [1]
HAL_RCCEx_GetPeriphCLKFreq::aPredivFactorTable
                         0x800'24c4    0x2  Data  Lc  stm32f1xx_hal_rcc_ex.o [1]
HAL_RCCEx_PeriphCLKConfig
                         0x800'2315   0xda  Code  Gb  stm32f1xx_hal_rcc_ex.o [1]
HAL_RCC_ClockConfig      0x800'2971   0xf4  Code  Gb  stm32f1xx_hal_rcc.o [1]
HAL_RCC_GetPCLK2Freq     0x800'2ab3    0xe  Code  Gb  stm32f1xx_hal_rcc.o [1]
HAL_RCC_GetSysClockFreq
                         0x800'2a79   0x3a  Code  Gb  stm32f1xx_hal_rcc.o [1]
HAL_RCC_GetSysClockFreq::aPLLMULFactorTable
                         0x800'2af8   0x10  Data  Lc  stm32f1xx_hal_rcc.o [1]
HAL_RCC_GetSysClockFreq::aPredivFactorTable
                         0x800'2b08    0x2  Data  Lc  stm32f1xx_hal_rcc.o [1]
HAL_RCC_OscConfig        0x800'2651  0x318  Code  Gb  stm32f1xx_hal_rcc.o [1]
HAL_SPI_Init             0x800'19c1   0xaa  Code  Gb  stm32f1xx_hal_spi.o [1]
HAL_SPI_MspInit          0x800'18bf   0x5a  Code  Gb  stm32f1xx_hal_msp.o [1]
HAL_SPI_TransmitReceive
                         0x800'1a73  0x1a6  Code  Gb  stm32f1xx_hal_spi.o [1]
HAL_SYSTICK_Config       0x800'2555   0x28  Code  Gb  stm32f1xx_hal_cortex.o [1]
HAL_SuspendTick          0x800'11c1   0x10  Code  Wk  stm32f1xx_hal.o [1]
HAL_TIMEx_BreakCallback
                         0x800'19b7    0x2  Code  Wk  stm32f1xx_hal_tim_ex.o [1]
HAL_TIMEx_CommutCallback
                         0x800'19bb    0x2  Code  Wk  stm32f1xx_hal_tim_ex.o [1]
HAL_TIMEx_MasterConfigSynchronization
                         0x800'25b9   0x56  Code  Gb  stm32f1xx_hal_tim_ex.o [1]
HAL_TIM_Base_Init        0x800'08b9   0x1a  Code  Gb  stm32f1xx_hal_tim.o [1]
HAL_TIM_Base_MspInit     0x800'1931   0x34  Code  Gb  stm32f1xx_hal_msp.o [1]
HAL_TIM_Base_Start_IT    0x800'08e9   0x5c  Code  Gb  stm32f1xx_hal_tim.o [1]
HAL_TIM_Base_Stop        0x800'08d3   0x16  Code  Gb  stm32f1xx_hal_tim.o [1]
HAL_TIM_Base_Stop_IT     0x800'0945   0x1e  Code  Gb  stm32f1xx_hal_tim.o [1]
HAL_TIM_ConfigClockSource
                         0x800'0b01   0x90  Code  Gb  stm32f1xx_hal_tim.o [1]
HAL_TIM_IRQHandler       0x800'09b9  0x142  Code  Gb  stm32f1xx_hal_tim.o [1]
HAL_WWDG_Init            0x800'261d   0x28  Code  Gb  stm32f1xx_hal_wwdg.o [1]
HAL_WWDG_MspInit         0x800'1965   0x22  Code  Gb  stm32f1xx_hal_msp.o [1]
HAL_WWDG_Refresh         0x800'2645    0xa  Code  Gb  stm32f1xx_hal_wwdg.o [1]
HardFault_Handler        0x800'2b83   0x16  Code  Gb  stm32f1xx_it.o [1]
LOGIC                    0x800'01af  0x100  Code  Gb  logic.o [1]
LOGICstart               0x800'00f1   0xbe  Code  Gb  logic.o [1]
LOGICstart::nRF24_ADDR   0x800'088c    0x4  Data  Lc  logic.o [1]
MX_GPIO_Init             0x800'1f27   0xe0  Code  Lc  main.o [1]
MemManage_Handler        0x800'2b99   0x16  Code  Gb  stm32f1xx_it.o [1]
NMI_Handler              0x800'2b81    0x2  Code  Gb  stm32f1xx_it.o [1]
PWR_OverloadWfe          0x800'11d1    0x6  Code  Lc  stm32f1xx_hal_pwr.o [1]
PendSV_Handler           0x800'2c0f    0x2  Code  Gb  stm32f1xx_it.o [1]
Region$$Table$$Base      0x800'2d18          --   Gb  - Linker created -
Region$$Table$$Limit     0x800'2d38          --   Gb  - Linker created -
SPI_EndRxTxTransaction   0x800'1d45   0x18  Code  Lc  stm32f1xx_hal_spi.o [1]
SPI_WaitFlagStateUntilTimeout
                         0x800'1c85   0xb4  Code  Lc  stm32f1xx_hal_spi.o [1]
SVC_Handler              0x800'2c0b    0x2  Code  Gb  stm32f1xx_it.o [1]
SysTick_Handler          0x800'2c11    0x4  Code  Gb  stm32f1xx_it.o [1]
SystemClock_Config       0x800'1eb5   0x6a  Code  Gb  main.o [1]
SystemCoreClock         0x2000'004c    0x4  Data  Gb  system_stm32f1xx.o [1]
SystemInit               0x800'2d81    0x2  Code  Gb  system_stm32f1xx.o [1]
TIM1_UP_IRQHandler       0x800'2c51   0x32  Code  Gb  stm32f1xx_it.o [1]
TIM_Base_SetConfig       0x800'0bbb   0x5e  Code  Gb  stm32f1xx_hal_tim.o [1]
TIM_ETR_SetConfig        0x800'0c7f   0x14  Code  Gb  stm32f1xx_hal_tim.o [1]
TIM_ITRx_SetConfig       0x800'0c6f   0x10  Code  Lc  stm32f1xx_hal_tim.o [1]
TIM_TI1_ConfigInputStage
                         0x800'0c2d   0x1e  Code  Lc  stm32f1xx_hal_tim.o [1]
TIM_TI2_ConfigInputStage
                         0x800'0c4b   0x24  Code  Lc  stm32f1xx_hal_tim.o [1]
UsageFault_Handler       0x800'2bf5   0x16  Code  Gb  stm32f1xx_it.o [1]
__NVIC_SetPriority       0x800'24d1   0x1a  Code  Lc  stm32f1xx_hal_cortex.o [1]
__aeabi_memclr4          0x800'24c9         Code  Gb  ABImemclr4.o [3]
__cmain                  0x800'2d39         Code  Gb  cmain.o [3]
__exit                   0x800'2d6d   0x14  Code  Gb  exit.o [4]
__iar_Memset4_word       0x800'2b0d         Code  Gb  ABImemset48.o [3]
__iar_Memset8_word       0x800'2b0d         Code  Gb  ABImemset48.o [3]
__iar_data_init3         0x800'2cf1   0x28  Code  Gb  data_init.o [3]
__iar_packbits_init_single3
                         0x800'2cb9   0x38  Code  Gb  packbits_init_single.o [3]
__iar_program_start      0x800'2da5         Code  Gb  cstartup_M.o [3]
__iar_zero_init3         0x800'0e8b   0x3a  Code  Gb  zero_init3.o [3]
__low_level_init         0x800'2d57    0x4  Code  Gb  low_level_init.o [2]
__vector_table           0x800'0000         Data  Gb  startup_stm32f103xb.o [1]
_call_main               0x800'2d45         Code  Gb  cmain.o [3]
_exit                    0x800'2d61         Code  Gb  cexit.o [3]
_main                    0x800'2d53         Code  Gb  cmain.o [3]
adc                     0x2000'0010    0xc  Data  Gb  logic.o [1]
countIndZaradAkbJ       0x2000'0030    0x2  Data  Gb  logic.o [1]
countIndZaradAkbRC      0x2000'0032    0x2  Data  Gb  logic.o [1]
exit                     0x800'2d5b    0x4  Code  Gb  exit.o [2]
flagDmaAdc              0x2000'000c    0x1  Data  Gb  logic.o [1]
hadc1                   0x2000'0050   0x30  Data  Gb  main.o [1]
hdma_adc1               0x2000'0134   0x44  Data  Gb  main.o [1]
hspi1                   0x2000'0080   0x58  Data  Gb  main.o [1]
htim1                   0x2000'00d8   0x48  Data  Gb  main.o [1]
hwwdg                   0x2000'0120   0x14  Data  Gb  main.o [1]
indZaradAkbJ            0x2000'002c    0x2  Data  Gb  logic.o [1]
indZaradAkbRC           0x2000'002e    0x2  Data  Gb  logic.o [1]
jButton                 0x2000'0000    0x4  Data  Gb  logic.o [1]
jLed                    0x2000'0004    0x4  Data  Gb  logic.o [1]
jMode                   0x2000'0008    0x4  Data  Gb  logic.o [1]
jStickA                 0x2000'001c    0x8  Data  Gb  logic.o [1]
jStickB                 0x2000'0024    0x8  Data  Gb  logic.o [1]
main                     0x800'1d6d  0x13e  Code  Gb  main.o [1]
nRF24_ADDR_REGS          0x800'11b8    0x8  Data  Lc  nrf24.o [1]
nRF24_CE_L               0x800'16c9    0xa  Code  Lc  radio_demo.o [1]
nRF24_CSN_H              0x800'0ec9    0x2  Code  Lc  nrf24.o [1]
nRF24_CSN_L              0x800'0ec5    0x4  Code  Lc  nrf24.o [1]
nRF24_Check              0x800'1025   0x3a  Code  Gb  nrf24.o [1]
nRF24_ClearIRQFlags      0x800'116f   0x12  Code  Gb  nrf24.o [1]
nRF24_DisableAA          0x800'1135   0x1c  Code  Gb  nrf24.o [1]
nRF24_FlushRX            0x800'1169    0x6  Code  Gb  nrf24.o [1]
nRF24_FlushTX            0x800'1163    0x6  Code  Gb  nrf24.o [1]
nRF24_GetStatus          0x800'1159    0x4  Code  Gb  nrf24.o [1]
nRF24_Init               0x800'0f91   0x94  Code  Gb  nrf24.o [1]
nRF24_LL_RW              0x800'0ed3   0x22  Code  Lc  nrf24.o [1]
nRF24_ReadMBReg          0x800'0f5b   0x24  Code  Lc  nrf24.o [1]
nRF24_ReadReg            0x800'0efd   0x20  Code  Lc  nrf24.o [1]
nRF24_SetAddr            0x800'10b5   0x54  Code  Gb  nrf24.o [1]
nRF24_SetAddrWidth       0x800'10ab    0x8  Code  Gb  nrf24.o [1]
nRF24_SetCRCScheme       0x800'108f    0xe  Code  Gb  nrf24.o [1]
nRF24_SetDataRate        0x800'1119    0xe  Code  Gb  nrf24.o [1]
nRF24_SetOperationalMode
                         0x800'1079   0x10  Code  Gb  nrf24.o [1]
nRF24_SetPowerMode       0x800'105f   0x1a  Code  Gb  nrf24.o [1]
nRF24_SetRFChannel       0x800'10a9    0x2  Code  Gb  nrf24.o [1]
nRF24_SetTXPower         0x800'1109   0x10  Code  Gb  nrf24.o [1]
nRF24_TransmitPacket     0x800'16d3   0x5e  Code  Gb  radio_demo.o [1]
nRF24_WriteMBReg         0x800'0f7f    0xa  Code  Lc  nrf24.o [1]
nRF24_WritePayload       0x800'1185    0x8  Code  Gb  nrf24.o [1]
nRF24_WriteReg           0x800'0f1d   0x3e  Code  Lc  nrf24.o [1]
nRF24_payload           0x2000'0178   0x20  Data  Gb  radio_demo.o [1]
payload_length          0x2000'01ac    0x1  Data  Gb  radio_demo.o [1]
stateNrfTX              0x2000'000d    0x1  Data  Gb  logic.o [1]
timer_Led4              0x2000'01a0    0x4  Data  Gb  stm32f1xx_it.o [1]
timer_LedLow            0x2000'01a4    0x4  Data  Gb  stm32f1xx_it.o [1]
timer_SendState         0x2000'019c    0x4  Data  Gb  stm32f1xx_it.o [1]
timer_Sleep             0x2000'0198    0x4  Data  Gb  stm32f1xx_it.o [1]
timer_ticBar            0x2000'01a8    0x4  Data  Gb  stm32f1xx_it.o [1]
uwTick                  0x2000'0044    0x4  Data  Gb  stm32f1xx_hal.o [1]
uwTickFreq              0x2000'0040    0x1  Data  Gb  stm32f1xx_hal.o [1]
uwTickPrio              0x2000'0048    0x4  Data  Gb  stm32f1xx_hal.o [1]
vLedBar                  0x800'0775   0xe0  Code  Gb  logic.o [1]
vLedBar::count          0x2000'0038    0x4  Data  Lc  logic.o [1]
vLedBar::flagMode       0x2000'003c    0x4  Data  Lc  logic.o [1]
vNavigationMode          0x800'0613   0xe4  Code  Gb  logic.o [1]
vNavigationMode::flag1  0x2000'000e    0x1  Data  Lc  logic.o [1]
vNavigationMode::flag2  0x2000'000f    0x1  Data  Lc  logic.o [1]
vReadStatePins           0x800'02b9  0x23a  Code  Gb  logic.o [1]
vSendStateJ              0x800'0559   0x5a  Code  Gb  logic.o [1]
vSetStartADC             0x800'05b3   0x60  Code  Gb  logic.o [1]
vSetStateGpio            0x800'0547   0x12  Code  Gb  logic.o [1]
vToogleLed4              0x800'0713   0x2e  Code  Gb  logic.o [1]
vToogleLedLow            0x800'06f7   0x1c  Code  Gb  logic.o [1]
vVisionLedBar            0x800'0741   0x32  Code  Gb  logic.o [1]
voltageAkbADC           0x2000'0034    0x4  Data  Gb  logic.o [1]
xGetStateGpio            0x800'051d   0x2a  Code  Gb  logic.o [1]


[1] = D:\project\Project stm\NRF\F103_NRF_TX_J\EWARM\F103_NRF_TXJ\Obj
[2] = dl7M_tln.a
[3] = rt7M_tl.a
[4] = shb_l.a

  11 824 bytes of readonly  code memory
      62 bytes of readonly  data memory
   1 453 bytes of readwrite data memory

Errors: none
Warnings: none
