###############################################################################
#
# IAR ELF Linker V8.30.1.114/W32 for ARM                  22/Feb/2021  11:57:57
# Copyright 2007-2018 IAR Systems AB.
#
#    Output file  =  
#        C:\Users\allex\OneDrive\Рабочий
#        стол\NRF\стороннее\F103_NRF_TX\EWARM\F103_NRF_RX\Exe\F103_NRF_RX.out
#    Map file     =  
#        C:\Users\allex\OneDrive\Рабочий
#        стол\NRF\стороннее\F103_NRF_TX\EWARM\F103_NRF_RX\List\F103_NRF_RX.map
#    Command line =  
#        -f C:\Users\allex\AppData\Local\Temp\EWE651.tmp
#        ("C:\Users\allex\OneDrive\Рабочий
#        стол\NRF\стороннее\F103_NRF_TX\EWARM\F103_NRF_RX\Obj\logic.o"
#        "C:\Users\allex\OneDrive\Рабочий
#        стол\NRF\стороннее\F103_NRF_TX\EWARM\F103_NRF_RX\Obj\main.o"
#        "C:\Users\allex\OneDrive\Рабочий
#        стол\NRF\стороннее\F103_NRF_TX\EWARM\F103_NRF_RX\Obj\nrf24.o"
#        "C:\Users\allex\OneDrive\Рабочий
#        стол\NRF\стороннее\F103_NRF_TX\EWARM\F103_NRF_RX\Obj\radio_demo.o"
#        "C:\Users\allex\OneDrive\Рабочий
#        стол\NRF\стороннее\F103_NRF_TX\EWARM\F103_NRF_RX\Obj\startup_stm32f103xb.o"
#        "C:\Users\allex\OneDrive\Рабочий
#        стол\NRF\стороннее\F103_NRF_TX\EWARM\F103_NRF_RX\Obj\stm32f1xx_hal.o"
#        "C:\Users\allex\OneDrive\Рабочий
#        стол\NRF\стороннее\F103_NRF_TX\EWARM\F103_NRF_RX\Obj\stm32f1xx_hal_adc.o"
#        "C:\Users\allex\OneDrive\Рабочий
#        стол\NRF\стороннее\F103_NRF_TX\EWARM\F103_NRF_RX\Obj\stm32f1xx_hal_adc_ex.o"
#        "C:\Users\allex\OneDrive\Рабочий
#        стол\NRF\стороннее\F103_NRF_TX\EWARM\F103_NRF_RX\Obj\stm32f1xx_hal_cortex.o"
#        "C:\Users\allex\OneDrive\Рабочий
#        стол\NRF\стороннее\F103_NRF_TX\EWARM\F103_NRF_RX\Obj\stm32f1xx_hal_dma.o"
#        "C:\Users\allex\OneDrive\Рабочий
#        стол\NRF\стороннее\F103_NRF_TX\EWARM\F103_NRF_RX\Obj\stm32f1xx_hal_exti.o"
#        "C:\Users\allex\OneDrive\Рабочий
#        стол\NRF\стороннее\F103_NRF_TX\EWARM\F103_NRF_RX\Obj\stm32f1xx_hal_flash.o"
#        "C:\Users\allex\OneDrive\Рабочий
#        стол\NRF\стороннее\F103_NRF_TX\EWARM\F103_NRF_RX\Obj\stm32f1xx_hal_flash_ex.o"
#        "C:\Users\allex\OneDrive\Рабочий
#        стол\NRF\стороннее\F103_NRF_TX\EWARM\F103_NRF_RX\Obj\stm32f1xx_hal_gpio.o"
#        "C:\Users\allex\OneDrive\Рабочий
#        стол\NRF\стороннее\F103_NRF_TX\EWARM\F103_NRF_RX\Obj\stm32f1xx_hal_gpio_ex.o"
#        "C:\Users\allex\OneDrive\Рабочий
#        стол\NRF\стороннее\F103_NRF_TX\EWARM\F103_NRF_RX\Obj\stm32f1xx_hal_msp.o"
#        "C:\Users\allex\OneDrive\Рабочий
#        стол\NRF\стороннее\F103_NRF_TX\EWARM\F103_NRF_RX\Obj\stm32f1xx_hal_pwr.o"
#        "C:\Users\allex\OneDrive\Рабочий
#        стол\NRF\стороннее\F103_NRF_TX\EWARM\F103_NRF_RX\Obj\stm32f1xx_hal_rcc.o"
#        "C:\Users\allex\OneDrive\Рабочий
#        стол\NRF\стороннее\F103_NRF_TX\EWARM\F103_NRF_RX\Obj\stm32f1xx_hal_rcc_ex.o"
#        "C:\Users\allex\OneDrive\Рабочий
#        стол\NRF\стороннее\F103_NRF_TX\EWARM\F103_NRF_RX\Obj\stm32f1xx_hal_spi.o"
#        "C:\Users\allex\OneDrive\Рабочий
#        стол\NRF\стороннее\F103_NRF_TX\EWARM\F103_NRF_RX\Obj\stm32f1xx_hal_tim.o"
#        "C:\Users\allex\OneDrive\Рабочий
#        стол\NRF\стороннее\F103_NRF_TX\EWARM\F103_NRF_RX\Obj\stm32f1xx_hal_tim_ex.o"
#        "C:\Users\allex\OneDrive\Рабочий
#        стол\NRF\стороннее\F103_NRF_TX\EWARM\F103_NRF_RX\Obj\stm32f1xx_hal_uart.o"
#        "C:\Users\allex\OneDrive\Рабочий
#        стол\NRF\стороннее\F103_NRF_TX\EWARM\F103_NRF_RX\Obj\stm32f1xx_it.o"
#        "C:\Users\allex\OneDrive\Рабочий
#        стол\NRF\стороннее\F103_NRF_TX\EWARM\F103_NRF_RX\Obj\system_stm32f1xx.o"
#        --redirect _Printf=_PrintfFull --redirect _Scanf=_ScanfFull
#        --no_out_extension -o "C:\Users\allex\OneDrive\Рабочий
#        стол\NRF\стороннее\F103_NRF_TX\EWARM\F103_NRF_RX\Exe\F103_NRF_RX.out"
#        --map "C:\Users\allex\OneDrive\Рабочий
#        стол\NRF\стороннее\F103_NRF_TX\EWARM\F103_NRF_RX\List\F103_NRF_RX.map"
#        --config "C:\Users\allex\OneDrive\Рабочий
#        стол\NRF\стороннее\F103_NRF_TX\EWARM/stm32f103xb_flash.icf"
#        --semihosting --entry __iar_program_start --vfe --text_out locale)
#
###############################################################################

*******************************************************************************
*** RUNTIME MODEL ATTRIBUTES
***

CppFlavor       = *
__SystemLibrary = DLib
__dlib_version  = 6


*******************************************************************************
*** HEAP SELECTION
***

The basic heap was selected because no calls to memory allocation
functions were found in the application outside of system library
functions, and there are calls to deallocation functions in the
application.


*******************************************************************************
*** PLACEMENT SUMMARY
***

"A0":  place at 0x800'0000 { ro section .intvec };
"P1":  place in [from 0x800'0000 to 0x801'ffff] { ro };
define block CSTACK with size = 1K, alignment = 8 { };
define block HEAP with size = 512, alignment = 8 { };
"P2":  place in [from 0x2000'0000 to 0x2000'4fff] {
          rw, block CSTACK, block HEAP };
initialize by copy { rw };

  Section            Kind         Address    Size  Object
  -------            ----         -------    ----  ------
"A0":                                        0xec
  .intvec            ro code   0x800'0000    0xec  startup_stm32f103xb.o [1]
                             - 0x800'00ec    0xec

"P1":                                      0x2c28
  .text              ro code   0x800'00ec   0x4ca  stm32f1xx_hal_rcc.o [1]
  .text              ro code   0x800'05b6    0x3a  zero_init3.o [3]
  .text              ro code   0x800'05f0     0xc  stm32f1xx_hal.o [1]
  .text              ro code   0x800'05fc    0x40  stm32f1xx_hal.o [1]
  .text              ro code   0x800'063c    0xc4  stm32f1xx_hal_cortex.o [1]
  .text              ro code   0x800'0700   0x4aa  stm32f1xx_hal_adc.o [1]
  .text              ro code   0x800'0bac   0x1c0  stm32f1xx_hal_msp.o [1]
  .text              ro code   0x800'0d6c   0x2ae  stm32f1xx_hal_dma.o [1]
  .text              ro code   0x800'101a     0x2  stm32f1xx_hal_adc.o [1]
  .text              ro code   0x800'101c     0x2  stm32f1xx_hal_adc.o [1]
  .text              ro code   0x800'101e     0x2  stm32f1xx_hal_adc.o [1]
  .text              ro code   0x800'1020   0x1d8  stm32f1xx_hal_gpio.o [1]
  .text              ro code   0x800'11f8   0x2cc  main.o [1]
  .text              ro code   0x800'14c4     0x6  ABImemclr4.o [3]
  .text              ro code   0x800'14cc    0x24  stm32f1xx_hal.o [1]
  .text              ro code   0x800'14f0   0x3ac  stm32f1xx_hal_spi.o [1]
  .text              ro code   0x800'189c   0x398  stm32f1xx_hal_tim.o [1]
  .text              ro code   0x800'1c34    0x64  stm32f1xx_hal_tim_ex.o [1]
  .text              ro code   0x800'1c98   0x20c  stm32f1xx_hal_uart.o [1]
  .text              ro code   0x800'1ea4   0x450  logic.o [1]
  .text              ro code   0x800'22f4   0x1b2  stm32f1xx_hal_rcc_ex.o [1]
  .text              ro code   0x800'24a8    0x32  ABImemset48.o [3]
  .text              ro code   0x800'24da     0x2  stm32f1xx_hal_tim.o [1]
  .text              ro code   0x800'24dc     0x2  stm32f1xx_hal_tim.o [1]
  .text              ro code   0x800'24de     0x2  stm32f1xx_hal_tim.o [1]
  .text              ro code   0x800'24e0     0x2  stm32f1xx_hal_tim_ex.o [1]
  .text              ro code   0x800'24e2     0x2  stm32f1xx_hal_tim.o [1]
  .text              ro code   0x800'24e4     0x2  stm32f1xx_hal_tim_ex.o [1]
  .text              ro code   0x800'24e6     0x2  stm32f1xx_hal_tim.o [1]
  .text              ro code   0x800'24e8    0x28  stm32f1xx_hal.o [1]
  .text              ro code   0x800'2510   0x1f4  radio_demo.o [1]
  .text              ro code   0x800'2704    0xcc  stm32f1xx_hal_adc_ex.o [1]
  .text              ro code   0x800'27d0    0x36  strlen.o [3]
  .text              ro code   0x800'2808   0x2fc  nrf24.o [1]
  .text              ro code   0x800'2b04    0x54  stm32f1xx_it.o [1]
  .text              ro code   0x800'2b58    0x10  stm32f1xx_hal.o [1]
  .text              ro code   0x800'2b68    0x2c  copy_init3.o [3]
  .text              ro code   0x800'2b94    0x28  data_init.o [3]
  .iar.init_table    const     0x800'2bbc    0x24  - Linker created -
  .text              ro code   0x800'2be0    0x1e  cmain.o [3]
  .text              ro code   0x800'2bfe     0x4  low_level_init.o [2]
  .text              ro code   0x800'2c02     0x4  exit.o [2]
  .text              ro code   0x800'2c08     0xa  cexit.o [3]
  .text              ro code   0x800'2c14    0x14  exit.o [4]
  .text              ro code   0x800'2c28    0x14  system_stm32f1xx.o [1]
  .text              ro code   0x800'2c3c    0x10  startup_stm32f103xb.o [1]
  Initializer bytes  const     0x800'2c4c    0x10  <for P2-1>
  .text              ro code   0x800'2c5c     0xc  cstartup_M.o [3]
  .rodata            const     0x800'2c68     0x8  system_stm32f1xx.o [1]
  .text              ro code   0x800'2c70     0x4  startup_stm32f103xb.o [1]
  .text              ro code   0x800'2c74     0x4  startup_stm32f103xb.o [1]
  .text              ro code   0x800'2c78     0x4  startup_stm32f103xb.o [1]
  .text              ro code   0x800'2c7c     0x4  startup_stm32f103xb.o [1]
  .text              ro code   0x800'2c80     0x4  startup_stm32f103xb.o [1]
  .text              ro code   0x800'2c84     0x4  startup_stm32f103xb.o [1]
  .text              ro code   0x800'2c88     0x4  startup_stm32f103xb.o [1]
  .text              ro code   0x800'2c8c     0x4  startup_stm32f103xb.o [1]
  .text              ro code   0x800'2c90     0x4  startup_stm32f103xb.o [1]
  .text              ro code   0x800'2c94     0x4  startup_stm32f103xb.o [1]
  .text              ro code   0x800'2c98     0x4  startup_stm32f103xb.o [1]
  .text              ro code   0x800'2c9c     0x4  startup_stm32f103xb.o [1]
  .text              ro code   0x800'2ca0     0x4  startup_stm32f103xb.o [1]
  .text              ro code   0x800'2ca4     0x4  startup_stm32f103xb.o [1]
  .text              ro code   0x800'2ca8     0x4  startup_stm32f103xb.o [1]
  .text              ro code   0x800'2cac     0x4  startup_stm32f103xb.o [1]
  .text              ro code   0x800'2cb0     0x4  startup_stm32f103xb.o [1]
  .text              ro code   0x800'2cb4     0x4  startup_stm32f103xb.o [1]
  .text              ro code   0x800'2cb8     0x4  startup_stm32f103xb.o [1]
  .text              ro code   0x800'2cbc     0x4  startup_stm32f103xb.o [1]
  .text              ro code   0x800'2cc0     0x4  startup_stm32f103xb.o [1]
  .text              ro code   0x800'2cc4     0x4  startup_stm32f103xb.o [1]
  .text              ro code   0x800'2cc8     0x4  startup_stm32f103xb.o [1]
  .text              ro code   0x800'2ccc     0x4  startup_stm32f103xb.o [1]
  .text              ro code   0x800'2cd0     0x4  startup_stm32f103xb.o [1]
  .text              ro code   0x800'2cd4     0x4  startup_stm32f103xb.o [1]
  .text              ro code   0x800'2cd8     0x4  startup_stm32f103xb.o [1]
  .text              ro code   0x800'2cdc     0x4  startup_stm32f103xb.o [1]
  .text              ro code   0x800'2ce0     0x4  startup_stm32f103xb.o [1]
  .text              ro code   0x800'2ce4     0x4  startup_stm32f103xb.o [1]
  .text              ro code   0x800'2ce8     0x4  startup_stm32f103xb.o [1]
  .text              ro code   0x800'2cec     0x4  startup_stm32f103xb.o [1]
  .text              ro code   0x800'2cf0     0x4  startup_stm32f103xb.o [1]
  .text              ro code   0x800'2cf4     0x4  startup_stm32f103xb.o [1]
  .text              ro code   0x800'2cf8     0x4  startup_stm32f103xb.o [1]
  .text              ro code   0x800'2cfc     0x4  startup_stm32f103xb.o [1]
  .text              ro code   0x800'2d00     0x4  startup_stm32f103xb.o [1]
  .text              ro code   0x800'2d04     0x4  startup_stm32f103xb.o [1]
  .text              ro code   0x800'2d08     0x4  startup_stm32f103xb.o [1]
  .text              ro code   0x800'2d0c     0x4  startup_stm32f103xb.o [1]
  .text              ro code   0x800'2d10     0x4  startup_stm32f103xb.o [1]
  .rodata            const     0x800'2d14     0x0  zero_init3.o [3]
  .rodata            const     0x800'2d14     0x0  copy_init3.o [3]
                             - 0x800'2d14  0x2c28

"P2", part 1 of 3:                           0x10
  P2-1                        0x2000'0000    0x10  <Init block>
    .data            inited   0x2000'0000     0xc  stm32f1xx_hal.o [1]
    .data            inited   0x2000'000c     0x4  system_stm32f1xx.o [1]
                            - 0x2000'0010    0x10

"P2", part 2 of 3:                          0x1a8
  .bss               zero     0x2000'0010   0x110  main.o [1]
  .bss               zero     0x2000'0120    0x44  main.o [1]
  .bss               zero     0x2000'0164    0x24  logic.o [1]
  .bss               zero     0x2000'0188    0x20  radio_demo.o [1]
  .bss               zero     0x2000'01a8     0xc  stm32f1xx_it.o [1]
  .bss               zero     0x2000'01b4     0x1  radio_demo.o [1]
  .bss               zero     0x2000'01b5     0x1  radio_demo.o [1]
                            - 0x2000'01b6   0x1a6

"P2", part 3 of 3:                          0x400
  CSTACK                      0x2000'01b8   0x400  <Block>
    CSTACK           uninit   0x2000'01b8   0x400  <Block tail>
                            - 0x2000'05b8   0x400

Unused ranges:

         From           To      Size
         ----           --      ----
   0x800'2d14   0x801'ffff  0x1'd2ec
  0x2000'05b8  0x2000'4fff    0x4a48


*******************************************************************************
*** INIT TABLE
***

          Address      Size
          -------      ----
Zero (__iar_zero_init3)
    1 destination range, total size 0x1a6:
          0x2000'0010  0x1a6

Copy (__iar_copy_init3)
    1 source range, total size 0x10:
           0x800'2c4c   0x10
    1 destination range, total size 0x10:
          0x2000'0000   0x10



*******************************************************************************
*** MODULE SUMMARY
***

    Module                  ro code  ro data  rw data
    ------                  -------  -------  -------
command line/config:
    -------------------------------------------------
    Total:

C:\Users\allex\OneDrive\Рабочий стол\NRF\стороннее\F103_NRF_TX\EWARM\F103_NRF_RX\Obj: [1]
    logic.o                   1 104                36
    main.o                      716               340
    nrf24.o                     764
    radio_demo.o                500                34
    startup_stm32f103xb.o       416
    stm32f1xx_hal.o             168       12       12
    stm32f1xx_hal_adc.o       1 200
    stm32f1xx_hal_adc_ex.o      204
    stm32f1xx_hal_cortex.o      196
    stm32f1xx_hal_dma.o         686
    stm32f1xx_hal_gpio.o        472
    stm32f1xx_hal_msp.o         448
    stm32f1xx_hal_rcc.o       1 226
    stm32f1xx_hal_rcc_ex.o      434
    stm32f1xx_hal_spi.o         940
    stm32f1xx_hal_tim.o         930
    stm32f1xx_hal_tim_ex.o      104
    stm32f1xx_hal_uart.o        524
    stm32f1xx_it.o               84                12
    system_stm32f1xx.o           20       12        4
    -------------------------------------------------
    Total:                   11 136       24      438

dl7M_tln.a: [2]
    exit.o                        4
    low_level_init.o              4
    -------------------------------------------------
    Total:                        8

rt7M_tl.a: [3]
    ABImemclr4.o                  6
    ABImemset48.o                50
    cexit.o                      10
    cmain.o                      30
    copy_init3.o                 44
    cstartup_M.o                 12
    data_init.o                  40
    strlen.o                     54
    zero_init3.o                 58
    -------------------------------------------------
    Total:                      304

shb_l.a: [4]
    exit.o                       20
    -------------------------------------------------
    Total:                       20

    Gaps                         12
    Linker created                        36    1 024
-----------------------------------------------------
    Grand Total:             11 480       60    1 462


*******************************************************************************
*** ENTRY LIST
***

Entry                       Address   Size  Type      Object
-----                       -------   ----  ----      ------
.iar.init_table$$Base    0x800'2bbc          --   Gb  - Linker created -
.iar.init_table$$Limit   0x800'2be0          --   Gb  - Linker created -
?main                    0x800'2be1         Code  Gb  cmain.o [3]
ADC_ConversionStop_Disable
                         0x800'0b01   0x44  Code  Gb  stm32f1xx_hal_adc.o [1]
ADC_DMAConvCplt          0x800'0b45   0x48  Code  Gb  stm32f1xx_hal_adc.o [1]
ADC_DMAError             0x800'0b95   0x16  Code  Gb  stm32f1xx_hal_adc.o [1]
ADC_DMAHalfConvCplt      0x800'0b8d    0x6  Code  Gb  stm32f1xx_hal_adc.o [1]
ADC_Enable               0x800'0a6f   0x6a  Code  Gb  stm32f1xx_hal_adc.o [1]
AHBPrescTable            0x800'2c2c   0x10  Data  Gb  system_stm32f1xx.o [1]
APBPrescTable            0x800'2c68    0x8  Data  Gb  system_stm32f1xx.o [1]
BusFault_Handler         0x800'2b0b    0x2  Code  Gb  stm32f1xx_it.o [1]
CSTACK$$Base            0x2000'01b8          --   Gb  - Linker created -
CSTACK$$Limit           0x2000'05b8          --   Gb  - Linker created -
DMA1_Channel1_IRQHandler
                         0x800'2b19   0x10  Code  Gb  stm32f1xx_it.o [1]
DMA_SetConfig            0x800'0ff9   0x22  Code  Lc  stm32f1xx_hal_dma.o [1]
DebugMon_Handler         0x800'2b11    0x2  Code  Gb  stm32f1xx_it.o [1]
Error_Handler            0x800'14b9    0x2  Code  Gb  main.o [1]
HAL_ADCEx_Calibration_Start
                         0x800'2705   0xbc  Code  Gb  stm32f1xx_hal_adc_ex.o [1]
HAL_ADC_ConfigChannel    0x800'0973   0xe4  Code  Gb  stm32f1xx_hal_adc.o [1]
HAL_ADC_Init             0x800'0701   0xf4  Code  Gb  stm32f1xx_hal_adc.o [1]
HAL_ADC_MspInit          0x800'0be7   0x74  Code  Gb  stm32f1xx_hal_msp.o [1]
HAL_ADC_Start_DMA        0x800'0809  0x102  Code  Gb  stm32f1xx_hal_adc.o [1]
HAL_ADC_Stop_DMA         0x800'0917   0x42  Code  Gb  stm32f1xx_hal_adc.o [1]
HAL_DMA_Abort            0x800'0e3b   0x4a  Code  Gb  stm32f1xx_hal_dma.o [1]
HAL_DMA_IRQHandler       0x800'0e91  0x144  Code  Gb  stm32f1xx_hal_dma.o [1]
HAL_DMA_Init             0x800'0d6d   0x5a  Code  Gb  stm32f1xx_hal_dma.o [1]
HAL_DMA_Start_IT         0x800'0dc7   0x74  Code  Gb  stm32f1xx_hal_dma.o [1]
HAL_Delay                0x800'24e9   0x28  Code  Wk  stm32f1xx_hal.o [1]
HAL_GPIO_Init            0x800'1021  0x180  Code  Gb  stm32f1xx_hal_gpio.o [1]
HAL_GPIO_ReadPin         0x800'11a1    0xc  Code  Gb  stm32f1xx_hal_gpio.o [1]
HAL_GPIO_TogglePin       0x800'11b5   0x10  Code  Gb  stm32f1xx_hal_gpio.o [1]
HAL_GPIO_WritePin        0x800'11ad    0x8  Code  Gb  stm32f1xx_hal_gpio.o [1]
HAL_GetTick              0x800'05f1    0xc  Code  Wk  stm32f1xx_hal.o [1]
HAL_IncTick              0x800'2b59   0x10  Code  Wk  stm32f1xx_hal.o [1]
HAL_Init                 0x800'14cd   0x20  Code  Gb  stm32f1xx_hal.o [1]
HAL_InitTick             0x800'05fd   0x40  Code  Wk  stm32f1xx_hal.o [1]
HAL_MspInit              0x800'0bad   0x3a  Code  Gb  stm32f1xx_hal_msp.o [1]
HAL_NVIC_EnableIRQ       0x800'06ab   0x16  Code  Gb  stm32f1xx_hal_cortex.o [1]
HAL_NVIC_SetPriority     0x800'0671   0x3a  Code  Gb  stm32f1xx_hal_cortex.o [1]
HAL_NVIC_SetPriorityGrouping
                         0x800'0657   0x1a  Code  Gb  stm32f1xx_hal_cortex.o [1]
HAL_RCCEx_GetPeriphCLKFreq
                         0x800'23d1   0xac  Code  Gb  stm32f1xx_hal_rcc_ex.o [1]
HAL_RCCEx_GetPeriphCLKFreq::aPLLMULFactorTable
                         0x800'2494   0x10  Data  Lc  stm32f1xx_hal_rcc_ex.o [1]
HAL_RCCEx_GetPeriphCLKFreq::aPredivFactorTable
                         0x800'24a4    0x2  Data  Lc  stm32f1xx_hal_rcc_ex.o [1]
HAL_RCCEx_PeriphCLKConfig
                         0x800'22f5   0xda  Code  Gb  stm32f1xx_hal_rcc_ex.o [1]
HAL_RCC_ClockConfig      0x800'040d   0xf4  Code  Gb  stm32f1xx_hal_rcc.o [1]
HAL_RCC_GetPCLK1Freq     0x800'054f   0x10  Code  Gb  stm32f1xx_hal_rcc.o [1]
HAL_RCC_GetPCLK2Freq     0x800'055f    0xe  Code  Gb  stm32f1xx_hal_rcc.o [1]
HAL_RCC_GetSysClockFreq
                         0x800'0515   0x3a  Code  Gb  stm32f1xx_hal_rcc.o [1]
HAL_RCC_GetSysClockFreq::aPLLMULFactorTable
                         0x800'05a4   0x10  Data  Lc  stm32f1xx_hal_rcc.o [1]
HAL_RCC_GetSysClockFreq::aPredivFactorTable
                         0x800'05b4    0x2  Data  Lc  stm32f1xx_hal_rcc.o [1]
HAL_RCC_OscConfig        0x800'00ed  0x318  Code  Gb  stm32f1xx_hal_rcc.o [1]
HAL_SPI_Init             0x800'14f1   0xaa  Code  Gb  stm32f1xx_hal_spi.o [1]
HAL_SPI_MspInit          0x800'0c5b   0x34  Code  Gb  stm32f1xx_hal_msp.o [1]
HAL_SPI_TransmitReceive
                         0x800'15a3  0x1a6  Code  Gb  stm32f1xx_hal_spi.o [1]
HAL_SYSTICK_Config       0x800'06c1   0x28  Code  Gb  stm32f1xx_hal_cortex.o [1]
HAL_TIMEx_BreakCallback
                         0x800'24e1    0x2  Code  Wk  stm32f1xx_hal_tim_ex.o [1]
HAL_TIMEx_CommutCallback
                         0x800'24e5    0x2  Code  Wk  stm32f1xx_hal_tim_ex.o [1]
HAL_TIMEx_MasterConfigSynchronization
                         0x800'1c35   0x56  Code  Gb  stm32f1xx_hal_tim_ex.o [1]
HAL_TIM_Base_Init        0x800'189d   0x1a  Code  Gb  stm32f1xx_hal_tim.o [1]
HAL_TIM_Base_MspInit     0x800'0ca7   0x34  Code  Gb  stm32f1xx_hal_msp.o [1]
HAL_TIM_Base_Start_IT    0x800'18b7   0x5c  Code  Gb  stm32f1xx_hal_tim.o [1]
HAL_TIM_ConfigClockSource
                         0x800'1a9d   0x90  Code  Gb  stm32f1xx_hal_tim.o [1]
HAL_TIM_IRQHandler       0x800'1955  0x142  Code  Gb  stm32f1xx_hal_tim.o [1]
HAL_UART_Init            0x800'1c99   0x1e  Code  Gb  stm32f1xx_hal_uart.o [1]
HAL_UART_MspInit         0x800'0cdb   0x38  Code  Gb  stm32f1xx_hal_msp.o [1]
HAL_UART_Transmit        0x800'1d0f   0xb2  Code  Gb  stm32f1xx_hal_uart.o [1]
HardFault_Handler        0x800'2b07    0x2  Code  Gb  stm32f1xx_it.o [1]
LOGIC                    0x800'1f09   0x7e  Code  Gb  logic.o [1]
LOGICstart               0x800'1ea5   0x5e  Code  Gb  logic.o [1]
MX_GPIO_Init             0x800'13af   0xc2  Code  Lc  main.o [1]
MemManage_Handler        0x800'2b09    0x2  Code  Gb  stm32f1xx_it.o [1]
NMI_Handler              0x800'2b05    0x2  Code  Gb  stm32f1xx_it.o [1]
PendSV_Handler           0x800'2b13    0x2  Code  Gb  stm32f1xx_it.o [1]
Region$$Table$$Base      0x800'2bbc          --   Gb  - Linker created -
Region$$Table$$Limit     0x800'2be0          --   Gb  - Linker created -
SPI_EndRxTxTransaction   0x800'1875   0x18  Code  Lc  stm32f1xx_hal_spi.o [1]
SPI_WaitFlagStateUntilTimeout
                         0x800'17b5   0xb4  Code  Lc  stm32f1xx_hal_spi.o [1]
SVC_Handler              0x800'2b0f    0x2  Code  Gb  stm32f1xx_it.o [1]
SysTick_Handler          0x800'2b15    0x4  Code  Gb  stm32f1xx_it.o [1]
SystemClock_Config       0x800'133d   0x6a  Code  Gb  main.o [1]
SystemCoreClock         0x2000'000c    0x4  Data  Gb  system_stm32f1xx.o [1]
SystemInit               0x800'2c29    0x2  Code  Gb  system_stm32f1xx.o [1]
TIM1_UP_IRQHandler       0x800'2b29   0x1e  Code  Gb  stm32f1xx_it.o [1]
TIM_Base_SetConfig       0x800'1b57   0x5e  Code  Gb  stm32f1xx_hal_tim.o [1]
TIM_ETR_SetConfig        0x800'1c1b   0x14  Code  Gb  stm32f1xx_hal_tim.o [1]
TIM_ITRx_SetConfig       0x800'1c0b   0x10  Code  Lc  stm32f1xx_hal_tim.o [1]
TIM_TI1_ConfigInputStage
                         0x800'1bc9   0x1e  Code  Lc  stm32f1xx_hal_tim.o [1]
TIM_TI2_ConfigInputStage
                         0x800'1be7   0x24  Code  Lc  stm32f1xx_hal_tim.o [1]
UART_SendBufHex          0x800'2545   0x32  Code  Gb  radio_demo.o [1]
UART_SendChar            0x800'251b   0x10  Code  Gb  radio_demo.o [1]
UART_SendHex8            0x800'2579   0x28  Code  Gb  radio_demo.o [1]
UART_SendStr             0x800'252b   0x18  Code  Gb  radio_demo.o [1]
UART_SetConfig           0x800'1e25   0x74  Code  Lc  stm32f1xx_hal_uart.o [1]
UART_WaitOnFlagUntilTimeout
                         0x800'1dc1   0x56  Code  Lc  stm32f1xx_hal_uart.o [1]
UsageFault_Handler       0x800'2b0d    0x2  Code  Gb  stm32f1xx_it.o [1]
__NVIC_SetPriority       0x800'063d   0x1a  Code  Lc  stm32f1xx_hal_cortex.o [1]
__aeabi_memclr4          0x800'14c5         Code  Gb  ABImemclr4.o [3]
__cmain                  0x800'2be1         Code  Gb  cmain.o [3]
__exit                   0x800'2c15   0x14  Code  Gb  exit.o [4]
__iar_Memset4_word       0x800'24a9         Code  Gb  ABImemset48.o [3]
__iar_Memset8_word       0x800'24a9         Code  Gb  ABImemset48.o [3]
__iar_copy_init3         0x800'2b69   0x2c  Code  Gb  copy_init3.o [3]
__iar_data_init3         0x800'2b95   0x28  Code  Gb  data_init.o [3]
__iar_program_start      0x800'2c5d         Code  Gb  cstartup_M.o [3]
__iar_zero_init3         0x800'05b7   0x3a  Code  Gb  zero_init3.o [3]
__low_level_init         0x800'2bff    0x4  Code  Gb  low_level_init.o [2]
__vector_table           0x800'0000         Data  Gb  startup_stm32f103xb.o [1]
_call_main               0x800'2bed         Code  Gb  cmain.o [3]
_exit                    0x800'2c09         Code  Gb  cexit.o [3]
_main                    0x800'2bfb         Code  Gb  cmain.o [3]
adc                     0x2000'0180    0x8  Data  Gb  logic.o [1]
exit                     0x800'2c03    0x4  Code  Gb  exit.o [2]
flagDmaAdc              0x2000'016c    0x1  Data  Gb  logic.o [1]
hadc1                   0x2000'0010   0x30  Data  Gb  main.o [1]
hdma_adc1               0x2000'0120   0x44  Data  Gb  main.o [1]
hspi1                   0x2000'0040   0x58  Data  Gb  main.o [1]
htim1                   0x2000'00d8   0x48  Data  Gb  main.o [1]
huart1                  0x2000'0098   0x40  Data  Gb  main.o [1]
jButton                 0x2000'0164    0x4  Data  Gb  logic.o [1]
jLed                    0x2000'0168    0x4  Data  Gb  logic.o [1]
jStickA                 0x2000'0170    0x8  Data  Gb  logic.o [1]
jStickB                 0x2000'0178    0x8  Data  Gb  logic.o [1]
main                     0x800'11f9  0x138  Code  Gb  main.o [1]
nRF24_ADDR_REGS          0x800'2afc    0x8  Data  Lc  nrf24.o [1]
nRF24_CE_L               0x800'2511    0xa  Code  Lc  radio_demo.o [1]
nRF24_CSN_H              0x800'280d    0x2  Code  Lc  nrf24.o [1]
nRF24_CSN_L              0x800'2809    0x4  Code  Lc  nrf24.o [1]
nRF24_Check              0x800'2969   0x3a  Code  Gb  nrf24.o [1]
nRF24_ClearIRQFlags      0x800'2ab3   0x12  Code  Gb  nrf24.o [1]
nRF24_DisableAA          0x800'2a79   0x1c  Code  Gb  nrf24.o [1]
nRF24_FlushRX            0x800'2aad    0x6  Code  Gb  nrf24.o [1]
nRF24_FlushTX            0x800'2aa7    0x6  Code  Gb  nrf24.o [1]
nRF24_GetStatus          0x800'2a9d    0x4  Code  Gb  nrf24.o [1]
nRF24_Init               0x800'28d5   0x94  Code  Gb  nrf24.o [1]
nRF24_LL_RW              0x800'2817   0x22  Code  Lc  nrf24.o [1]
nRF24_ReadMBReg          0x800'289f   0x24  Code  Lc  nrf24.o [1]
nRF24_ReadReg            0x800'2841   0x20  Code  Lc  nrf24.o [1]
nRF24_SetAddr            0x800'29f9   0x54  Code  Gb  nrf24.o [1]
nRF24_SetAddrWidth       0x800'29ef    0x8  Code  Gb  nrf24.o [1]
nRF24_SetCRCScheme       0x800'29d3    0xe  Code  Gb  nrf24.o [1]
nRF24_SetDataRate        0x800'2a5d    0xe  Code  Gb  nrf24.o [1]
nRF24_SetOperationalMode
                         0x800'29bd   0x10  Code  Gb  nrf24.o [1]
nRF24_SetPowerMode       0x800'29a3   0x1a  Code  Gb  nrf24.o [1]
nRF24_SetRFChannel       0x800'29ed    0x2  Code  Gb  nrf24.o [1]
nRF24_SetTXPower         0x800'2a4d   0x10  Code  Gb  nrf24.o [1]
nRF24_TransmitPacket     0x800'25a1   0x70  Code  Gb  radio_demo.o [1]
nRF24_WriteMBReg         0x800'28c3    0xa  Code  Lc  nrf24.o [1]
nRF24_WritePayload       0x800'2ac9    0x8  Code  Gb  nrf24.o [1]
nRF24_WriteReg           0x800'2861   0x3e  Code  Lc  nrf24.o [1]
nRF24_payload           0x2000'0188   0x20  Data  Gb  radio_demo.o [1]
payload_length          0x2000'01b4    0x1  Data  Gb  radio_demo.o [1]
runRadio                 0x800'2615   0x7e  Code  Gb  radio_demo.o [1]
runRadio::nRF24_ADDR     0x800'2700    0x4  Data  Lc  radio_demo.o [1]
strlen                   0x800'27d1         Code  Gb  strlen.o [3]
timer1msSendState       0x2000'01ac    0x4  Data  Gb  stm32f1xx_it.o [1]
timer1msSleep           0x2000'01a8    0x4  Data  Gb  stm32f1xx_it.o [1]
timer_Led4              0x2000'01b0    0x4  Data  Gb  stm32f1xx_it.o [1]
tx_res                  0x2000'01b5    0x1  Data  Gb  radio_demo.o [1]
uwTick                  0x2000'0004    0x4  Data  Gb  stm32f1xx_hal.o [1]
uwTickFreq              0x2000'0000    0x1  Data  Gb  stm32f1xx_hal.o [1]
uwTickPrio              0x2000'0008    0x4  Data  Gb  stm32f1xx_hal.o [1]
vReadStatePins           0x800'1f87  0x1d4  Code  Gb  logic.o [1]
vSendStateJ              0x800'21d1   0x54  Code  Gb  logic.o [1]
vSetStartADC             0x800'2225   0x60  Code  Gb  logic.o [1]
vSetStateGpio            0x800'21bd   0x12  Code  Gb  logic.o [1]
xGetStateGpio            0x800'2195   0x28  Code  Gb  logic.o [1]


[1] = C:\Users\allex\OneDrive\Рабочий стол\NRF\стороннее\F103_NRF_TX\EWARM\F103_NRF_RX\Obj
[2] = dl7M_tln.a
[3] = rt7M_tl.a
[4] = shb_l.a

  11 480 bytes of readonly  code memory
      60 bytes of readonly  data memory
   1 462 bytes of readwrite data memory

Errors: none
Warnings: none
